You have triggered an unhandledRejection, you may have forgotten to catch a Promise rejection:
/root/v6/frontend-react/node_modules/.bin/vite:2
basedir=$(dirname "$(echo "$0" | sed -e 's,\\,/,g')")
          ^^^^^^^

SyntaxError: missing ) after argument list
    at wrapSafe (node:internal/modules/cjs/loader:1713:18)
    at Module._compile (node:internal/modules/cjs/loader:1755:20)
    at Object..js (node:internal/modules/cjs/loader:1913:10)
    at Module.load (node:internal/modules/cjs/loader:1505:32)
    at Function._load (node:internal/modules/cjs/loader:1309:12)
    at wrapModuleLoad (node:internal/modules/cjs/loader:254:19)
    at loadCJSModuleWithModuleLoad (node:internal/modules/esm/translators:335:3)
    at ModuleWrap.<anonymous> (node:internal/modules/esm/translators:235:7)
    at ModuleJob.run (node:internal/modules/esm/module_job:343:25)
    at process.processTicksAndRejections (node:internal/process/task_queues:103:5)
You have triggered an unhandledRejection, you may have forgotten to catch a Promise rejection:
/root/v6/frontend-react/node_modules/.bin/vite:2
basedir=$(dirname "$(echo "$0" | sed -e 's,\\,/,g')")
          ^^^^^^^

SyntaxError: missing ) after argument list
    at wrapSafe (node:internal/modules/cjs/loader:1713:18)
    at Module._compile (node:internal/modules/cjs/loader:1755:20)
    at Object..js (node:internal/modules/cjs/loader:1913:10)
    at Module.load (node:internal/modules/cjs/loader:1505:32)
    at Function._load (node:internal/modules/cjs/loader:1309:12)
    at wrapModuleLoad (node:internal/modules/cjs/loader:254:19)
    at loadCJSModuleWithModuleLoad (node:internal/modules/esm/translators:335:3)
    at ModuleWrap.<anonymous> (node:internal/modules/esm/translators:235:7)
    at ModuleJob.run (node:internal/modules/esm/module_job:343:25)
    at process.processTicksAndRejections (node:internal/process/task_queues:103:5)
You have triggered an unhandledRejection, you may have forgotten to catch a Promise rejection:
/root/v6/frontend-react/node_modules/.bin/vite:2
basedir=$(dirname "$(echo "$0" | sed -e 's,\\,/,g')")
          ^^^^^^^

SyntaxError: missing ) after argument list
    at wrapSafe (node:internal/modules/cjs/loader:1713:18)
    at Module._compile (node:internal/modules/cjs/loader:1755:20)
    at Object..js (node:internal/modules/cjs/loader:1913:10)
    at Module.load (node:internal/modules/cjs/loader:1505:32)
    at Function._load (node:internal/modules/cjs/loader:1309:12)
    at wrapModuleLoad (node:internal/modules/cjs/loader:254:19)
    at loadCJSModuleWithModuleLoad (node:internal/modules/esm/translators:335:3)
    at ModuleWrap.<anonymous> (node:internal/modules/esm/translators:235:7)
    at ModuleJob.run (node:internal/modules/esm/module_job:343:25)
    at process.processTicksAndRejections (node:internal/process/task_queues:103:5)
You have triggered an unhandledRejection, you may have forgotten to catch a Promise rejection:
/root/v6/frontend-react/node_modules/.bin/vite:2
basedir=$(dirname "$(echo "$0" | sed -e 's,\\,/,g')")
          ^^^^^^^

SyntaxError: missing ) after argument list
    at wrapSafe (node:internal/modules/cjs/loader:1713:18)
    at Module._compile (node:internal/modules/cjs/loader:1755:20)
    at Object..js (node:internal/modules/cjs/loader:1913:10)
    at Module.load (node:internal/modules/cjs/loader:1505:32)
    at Function._load (node:internal/modules/cjs/loader:1309:12)
    at wrapModuleLoad (node:internal/modules/cjs/loader:254:19)
    at loadCJSModuleWithModuleLoad (node:internal/modules/esm/translators:335:3)
    at ModuleWrap.<anonymous> (node:internal/modules/esm/translators:235:7)
    at ModuleJob.run (node:internal/modules/esm/module_job:343:25)
    at process.processTicksAndRejections (node:internal/process/task_queues:103:5)
You have triggered an unhandledRejection, you may have forgotten to catch a Promise rejection:
/root/v6/frontend-react/node_modules/.bin/vite:2
basedir=$(dirname "$(echo "$0" | sed -e 's,\\,/,g')")
          ^^^^^^^

SyntaxError: missing ) after argument list
    at wrapSafe (node:internal/modules/cjs/loader:1713:18)
    at Module._compile (node:internal/modules/cjs/loader:1755:20)
    at Object..js (node:internal/modules/cjs/loader:1913:10)
    at Module.load (node:internal/modules/cjs/loader:1505:32)
    at Function._load (node:internal/modules/cjs/loader:1309:12)
    at wrapModuleLoad (node:internal/modules/cjs/loader:254:19)
    at loadCJSModuleWithModuleLoad (node:internal/modules/esm/translators:335:3)
    at ModuleWrap.<anonymous> (node:internal/modules/esm/translators:235:7)
    at ModuleJob.run (node:internal/modules/esm/module_job:343:25)
    at process.processTicksAndRejections (node:internal/process/task_queues:103:5)
You have triggered an unhandledRejection, you may have forgotten to catch a Promise rejection:
/root/v6/frontend-react/node_modules/.bin/vite:2
basedir=$(dirname "$(echo "$0" | sed -e 's,\\,/,g')")
          ^^^^^^^

SyntaxError: missing ) after argument list
    at wrapSafe (node:internal/modules/cjs/loader:1713:18)
    at Module._compile (node:internal/modules/cjs/loader:1755:20)
    at Object..js (node:internal/modules/cjs/loader:1913:10)
    at Module.load (node:internal/modules/cjs/loader:1505:32)
    at Function._load (node:internal/modules/cjs/loader:1309:12)
    at wrapModuleLoad (node:internal/modules/cjs/loader:254:19)
    at loadCJSModuleWithModuleLoad (node:internal/modules/esm/translators:335:3)
    at ModuleWrap.<anonymous> (node:internal/modules/esm/translators:235:7)
    at ModuleJob.run (node:internal/modules/esm/module_job:343:25)
    at process.processTicksAndRejections (node:internal/process/task_queues:103:5)
You have triggered an unhandledRejection, you may have forgotten to catch a Promise rejection:
/root/v6/frontend-react/node_modules/.bin/vite:2
basedir=$(dirname "$(echo "$0" | sed -e 's,\\,/,g')")
          ^^^^^^^

SyntaxError: missing ) after argument list
    at wrapSafe (node:internal/modules/cjs/loader:1713:18)
    at Module._compile (node:internal/modules/cjs/loader:1755:20)
    at Object..js (node:internal/modules/cjs/loader:1913:10)
    at Module.load (node:internal/modules/cjs/loader:1505:32)
    at Function._load (node:internal/modules/cjs/loader:1309:12)
    at wrapModuleLoad (node:internal/modules/cjs/loader:254:19)
    at loadCJSModuleWithModuleLoad (node:internal/modules/esm/translators:335:3)
    at ModuleWrap.<anonymous> (node:internal/modules/esm/translators:235:7)
    at ModuleJob.run (node:internal/modules/esm/module_job:343:25)
    at process.processTicksAndRejections (node:internal/process/task_queues:103:5)
You have triggered an unhandledRejection, you may have forgotten to catch a Promise rejection:
/root/v6/frontend-react/node_modules/.bin/vite:2
basedir=$(dirname "$(echo "$0" | sed -e 's,\\,/,g')")
          ^^^^^^^

SyntaxError: missing ) after argument list
    at wrapSafe (node:internal/modules/cjs/loader:1713:18)
    at Module._compile (node:internal/modules/cjs/loader:1755:20)
    at Object..js (node:internal/modules/cjs/loader:1913:10)
    at Module.load (node:internal/modules/cjs/loader:1505:32)
    at Function._load (node:internal/modules/cjs/loader:1309:12)
    at wrapModuleLoad (node:internal/modules/cjs/loader:254:19)
    at loadCJSModuleWithModuleLoad (node:internal/modules/esm/translators:335:3)
    at ModuleWrap.<anonymous> (node:internal/modules/esm/translators:235:7)
    at ModuleJob.run (node:internal/modules/esm/module_job:343:25)
    at process.processTicksAndRejections (node:internal/process/task_queues:103:5)
You have triggered an unhandledRejection, you may have forgotten to catch a Promise rejection:
/root/v6/frontend-react/node_modules/.bin/vite:2
basedir=$(dirname "$(echo "$0" | sed -e 's,\\,/,g')")
          ^^^^^^^

SyntaxError: missing ) after argument list
    at wrapSafe (node:internal/modules/cjs/loader:1713:18)
    at Module._compile (node:internal/modules/cjs/loader:1755:20)
    at Object..js (node:internal/modules/cjs/loader:1913:10)
    at Module.load (node:internal/modules/cjs/loader:1505:32)
    at Function._load (node:internal/modules/cjs/loader:1309:12)
    at wrapModuleLoad (node:internal/modules/cjs/loader:254:19)
    at loadCJSModuleWithModuleLoad (node:internal/modules/esm/translators:335:3)
    at ModuleWrap.<anonymous> (node:internal/modules/esm/translators:235:7)
    at ModuleJob.run (node:internal/modules/esm/module_job:343:25)
    at process.processTicksAndRejections (node:internal/process/task_queues:103:5)
You have triggered an unhandledRejection, you may have forgotten to catch a Promise rejection:
/root/v6/frontend-react/node_modules/.bin/vite:2
basedir=$(dirname "$(echo "$0" | sed -e 's,\\,/,g')")
          ^^^^^^^

SyntaxError: missing ) after argument list
    at wrapSafe (node:internal/modules/cjs/loader:1713:18)
    at Module._compile (node:internal/modules/cjs/loader:1755:20)
    at Object..js (node:internal/modules/cjs/loader:1913:10)
    at Module.load (node:internal/modules/cjs/loader:1505:32)
    at Function._load (node:internal/modules/cjs/loader:1309:12)
    at wrapModuleLoad (node:internal/modules/cjs/loader:254:19)
    at loadCJSModuleWithModuleLoad (node:internal/modules/esm/translators:335:3)
    at ModuleWrap.<anonymous> (node:internal/modules/esm/translators:235:7)
    at ModuleJob.run (node:internal/modules/esm/module_job:343:25)
    at process.processTicksAndRejections (node:internal/process/task_queues:103:5)
You have triggered an unhandledRejection, you may have forgotten to catch a Promise rejection:
/root/v6/frontend-react/node_modules/.bin/vite:2
basedir=$(dirname "$(echo "$0" | sed -e 's,\\,/,g')")
          ^^^^^^^

SyntaxError: missing ) after argument list
    at wrapSafe (node:internal/modules/cjs/loader:1713:18)
    at Module._compile (node:internal/modules/cjs/loader:1755:20)
    at Object..js (node:internal/modules/cjs/loader:1913:10)
    at Module.load (node:internal/modules/cjs/loader:1505:32)
    at Function._load (node:internal/modules/cjs/loader:1309:12)
    at wrapModuleLoad (node:internal/modules/cjs/loader:254:19)
    at loadCJSModuleWithModuleLoad (node:internal/modules/esm/translators:335:3)
    at ModuleWrap.<anonymous> (node:internal/modules/esm/translators:235:7)
    at ModuleJob.run (node:internal/modules/esm/module_job:343:25)
    at process.processTicksAndRejections (node:internal/process/task_queues:103:5)
You have triggered an unhandledRejection, you may have forgotten to catch a Promise rejection:
/root/v6/frontend-react/node_modules/.bin/vite:2
basedir=$(dirname "$(echo "$0" | sed -e 's,\\,/,g')")
          ^^^^^^^

SyntaxError: missing ) after argument list
    at wrapSafe (node:internal/modules/cjs/loader:1713:18)
    at Module._compile (node:internal/modules/cjs/loader:1755:20)
    at Object..js (node:internal/modules/cjs/loader:1913:10)
    at Module.load (node:internal/modules/cjs/loader:1505:32)
    at Function._load (node:internal/modules/cjs/loader:1309:12)
    at wrapModuleLoad (node:internal/modules/cjs/loader:254:19)
    at loadCJSModuleWithModuleLoad (node:internal/modules/esm/translators:335:3)
    at ModuleWrap.<anonymous> (node:internal/modules/esm/translators:235:7)
    at ModuleJob.run (node:internal/modules/esm/module_job:343:25)
    at process.processTicksAndRejections (node:internal/process/task_queues:103:5)
You have triggered an unhandledRejection, you may have forgotten to catch a Promise rejection:
/root/v6/frontend-react/node_modules/.bin/vite:2
basedir=$(dirname "$(echo "$0" | sed -e 's,\\,/,g')")
          ^^^^^^^

SyntaxError: missing ) after argument list
    at wrapSafe (node:internal/modules/cjs/loader:1713:18)
    at Module._compile (node:internal/modules/cjs/loader:1755:20)
    at Object..js (node:internal/modules/cjs/loader:1913:10)
    at Module.load (node:internal/modules/cjs/loader:1505:32)
    at Function._load (node:internal/modules/cjs/loader:1309:12)
    at wrapModuleLoad (node:internal/modules/cjs/loader:254:19)
    at loadCJSModuleWithModuleLoad (node:internal/modules/esm/translators:335:3)
    at ModuleWrap.<anonymous> (node:internal/modules/esm/translators:235:7)
    at ModuleJob.run (node:internal/modules/esm/module_job:343:25)
    at process.processTicksAndRejections (node:internal/process/task_queues:103:5)
You have triggered an unhandledRejection, you may have forgotten to catch a Promise rejection:
/root/v6/frontend-react/node_modules/.bin/vite:2
basedir=$(dirname "$(echo "$0" | sed -e 's,\\,/,g')")
          ^^^^^^^

SyntaxError: missing ) after argument list
    at wrapSafe (node:internal/modules/cjs/loader:1713:18)
    at Module._compile (node:internal/modules/cjs/loader:1755:20)
    at Object..js (node:internal/modules/cjs/loader:1913:10)
    at Module.load (node:internal/modules/cjs/loader:1505:32)
    at Function._load (node:internal/modules/cjs/loader:1309:12)
    at wrapModuleLoad (node:internal/modules/cjs/loader:254:19)
    at loadCJSModuleWithModuleLoad (node:internal/modules/esm/translators:335:3)
    at ModuleWrap.<anonymous> (node:internal/modules/esm/translators:235:7)
    at ModuleJob.run (node:internal/modules/esm/module_job:343:25)
    at process.processTicksAndRejections (node:internal/process/task_queues:103:5)
You have triggered an unhandledRejection, you may have forgotten to catch a Promise rejection:
/root/v6/frontend-react/node_modules/.bin/vite:2
basedir=$(dirname "$(echo "$0" | sed -e 's,\\,/,g')")
          ^^^^^^^

SyntaxError: missing ) after argument list
    at wrapSafe (node:internal/modules/cjs/loader:1713:18)
    at Module._compile (node:internal/modules/cjs/loader:1755:20)
    at Object..js (node:internal/modules/cjs/loader:1913:10)
    at Module.load (node:internal/modules/cjs/loader:1505:32)
    at Function._load (node:internal/modules/cjs/loader:1309:12)
    at wrapModuleLoad (node:internal/modules/cjs/loader:254:19)
    at loadCJSModuleWithModuleLoad (node:internal/modules/esm/translators:335:3)
    at ModuleWrap.<anonymous> (node:internal/modules/esm/translators:235:7)
    at ModuleJob.run (node:internal/modules/esm/module_job:343:25)
    at process.processTicksAndRejections (node:internal/process/task_queues:103:5)
You have triggered an unhandledRejection, you may have forgotten to catch a Promise rejection:
/root/v6/frontend-react/node_modules/.bin/vite:2
basedir=$(dirname "$(echo "$0" | sed -e 's,\\,/,g')")
          ^^^^^^^

SyntaxError: missing ) after argument list
    at wrapSafe (node:internal/modules/cjs/loader:1713:18)
    at Module._compile (node:internal/modules/cjs/loader:1755:20)
    at Object..js (node:internal/modules/cjs/loader:1913:10)
    at Module.load (node:internal/modules/cjs/loader:1505:32)
    at Function._load (node:internal/modules/cjs/loader:1309:12)
    at wrapModuleLoad (node:internal/modules/cjs/loader:254:19)
    at loadCJSModuleWithModuleLoad (node:internal/modules/esm/translators:335:3)
    at ModuleWrap.<anonymous> (node:internal/modules/esm/translators:235:7)
    at ModuleJob.run (node:internal/modules/esm/module_job:343:25)
    at process.processTicksAndRejections (node:internal/process/task_queues:103:5)
You have triggered an unhandledRejection, you may have forgotten to catch a Promise rejection:
/root/v6/frontend-react/node_modules/.bin/vite:2
basedir=$(dirname "$(echo "$0" | sed -e 's,\\,/,g')")
          ^^^^^^^

SyntaxError: missing ) after argument list
    at wrapSafe (node:internal/modules/cjs/loader:1713:18)
    at Module._compile (node:internal/modules/cjs/loader:1755:20)
    at Object..js (node:internal/modules/cjs/loader:1913:10)
    at Module.load (node:internal/modules/cjs/loader:1505:32)
    at Function._load (node:internal/modules/cjs/loader:1309:12)
    at wrapModuleLoad (node:internal/modules/cjs/loader:254:19)
    at loadCJSModuleWithModuleLoad (node:internal/modules/esm/translators:335:3)
    at ModuleWrap.<anonymous> (node:internal/modules/esm/translators:235:7)
    at ModuleJob.run (node:internal/modules/esm/module_job:343:25)
    at process.processTicksAndRejections (node:internal/process/task_queues:103:5)
You have triggered an unhandledRejection, you may have forgotten to catch a Promise rejection:
/root/v6/frontend-react/node_modules/.bin/vite:2
basedir=$(dirname "$(echo "$0" | sed -e 's,\\,/,g')")
          ^^^^^^^

SyntaxError: missing ) after argument list
    at wrapSafe (node:internal/modules/cjs/loader:1713:18)
    at Module._compile (node:internal/modules/cjs/loader:1755:20)
    at Object..js (node:internal/modules/cjs/loader:1913:10)
    at Module.load (node:internal/modules/cjs/loader:1505:32)
    at Function._load (node:internal/modules/cjs/loader:1309:12)
    at wrapModuleLoad (node:internal/modules/cjs/loader:254:19)
    at loadCJSModuleWithModuleLoad (node:internal/modules/esm/translators:335:3)
    at ModuleWrap.<anonymous> (node:internal/modules/esm/translators:235:7)
    at ModuleJob.run (node:internal/modules/esm/module_job:343:25)
    at process.processTicksAndRejections (node:internal/process/task_queues:103:5)
You have triggered an unhandledRejection, you may have forgotten to catch a Promise rejection:
/root/v6/frontend-react/node_modules/.bin/vite:2
basedir=$(dirname "$(echo "$0" | sed -e 's,\\,/,g')")
          ^^^^^^^

SyntaxError: missing ) after argument list
    at wrapSafe (node:internal/modules/cjs/loader:1713:18)
    at Module._compile (node:internal/modules/cjs/loader:1755:20)
    at Object..js (node:internal/modules/cjs/loader:1913:10)
    at Module.load (node:internal/modules/cjs/loader:1505:32)
    at Function._load (node:internal/modules/cjs/loader:1309:12)
    at wrapModuleLoad (node:internal/modules/cjs/loader:254:19)
    at loadCJSModuleWithModuleLoad (node:internal/modules/esm/translators:335:3)
    at ModuleWrap.<anonymous> (node:internal/modules/esm/translators:235:7)
    at ModuleJob.run (node:internal/modules/esm/module_job:343:25)
    at process.processTicksAndRejections (node:internal/process/task_queues:103:5)
You have triggered an unhandledRejection, you may have forgotten to catch a Promise rejection:
/root/v6/frontend-react/node_modules/.bin/vite:2
basedir=$(dirname "$(echo "$0" | sed -e 's,\\,/,g')")
          ^^^^^^^

SyntaxError: missing ) after argument list
    at wrapSafe (node:internal/modules/cjs/loader:1713:18)
    at Module._compile (node:internal/modules/cjs/loader:1755:20)
    at Object..js (node:internal/modules/cjs/loader:1913:10)
    at Module.load (node:internal/modules/cjs/loader:1505:32)
    at Function._load (node:internal/modules/cjs/loader:1309:12)
    at wrapModuleLoad (node:internal/modules/cjs/loader:254:19)
    at loadCJSModuleWithModuleLoad (node:internal/modules/esm/translators:335:3)
    at ModuleWrap.<anonymous> (node:internal/modules/esm/translators:235:7)
    at ModuleJob.run (node:internal/modules/esm/module_job:343:25)
    at process.processTicksAndRejections (node:internal/process/task_queues:103:5)
You have triggered an unhandledRejection, you may have forgotten to catch a Promise rejection:
/root/v6/frontend-react/node_modules/.bin/vite:2
basedir=$(dirname "$(echo "$0" | sed -e 's,\\,/,g')")
          ^^^^^^^

SyntaxError: missing ) after argument list
    at wrapSafe (node:internal/modules/cjs/loader:1713:18)
    at Module._compile (node:internal/modules/cjs/loader:1755:20)
    at Object..js (node:internal/modules/cjs/loader:1913:10)
    at Module.load (node:internal/modules/cjs/loader:1505:32)
    at Function._load (node:internal/modules/cjs/loader:1309:12)
    at wrapModuleLoad (node:internal/modules/cjs/loader:254:19)
    at loadCJSModuleWithModuleLoad (node:internal/modules/esm/translators:335:3)
    at ModuleWrap.<anonymous> (node:internal/modules/esm/translators:235:7)
    at ModuleJob.run (node:internal/modules/esm/module_job:343:25)
    at process.processTicksAndRejections (node:internal/process/task_queues:103:5)
You have triggered an unhandledRejection, you may have forgotten to catch a Promise rejection:
/root/v6/frontend-react/node_modules/.bin/vite:2
basedir=$(dirname "$(echo "$0" | sed -e 's,\\,/,g')")
          ^^^^^^^

SyntaxError: missing ) after argument list
    at wrapSafe (node:internal/modules/cjs/loader:1713:18)
    at Module._compile (node:internal/modules/cjs/loader:1755:20)
    at Object..js (node:internal/modules/cjs/loader:1913:10)
    at Module.load (node:internal/modules/cjs/loader:1505:32)
    at Function._load (node:internal/modules/cjs/loader:1309:12)
    at wrapModuleLoad (node:internal/modules/cjs/loader:254:19)
    at loadCJSModuleWithModuleLoad (node:internal/modules/esm/translators:335:3)
    at ModuleWrap.<anonymous> (node:internal/modules/esm/translators:235:7)
    at ModuleJob.run (node:internal/modules/esm/module_job:343:25)
    at process.processTicksAndRejections (node:internal/process/task_queues:103:5)
You have triggered an unhandledRejection, you may have forgotten to catch a Promise rejection:
/root/v6/frontend-react/node_modules/.bin/vite:2
basedir=$(dirname "$(echo "$0" | sed -e 's,\\,/,g')")
          ^^^^^^^

SyntaxError: missing ) after argument list
    at wrapSafe (node:internal/modules/cjs/loader:1713:18)
    at Module._compile (node:internal/modules/cjs/loader:1755:20)
    at Object..js (node:internal/modules/cjs/loader:1913:10)
    at Module.load (node:internal/modules/cjs/loader:1505:32)
    at Function._load (node:internal/modules/cjs/loader:1309:12)
    at wrapModuleLoad (node:internal/modules/cjs/loader:254:19)
    at loadCJSModuleWithModuleLoad (node:internal/modules/esm/translators:335:3)
    at ModuleWrap.<anonymous> (node:internal/modules/esm/translators:235:7)
    at ModuleJob.run (node:internal/modules/esm/module_job:343:25)
    at process.processTicksAndRejections (node:internal/process/task_queues:103:5)
You have triggered an unhandledRejection, you may have forgotten to catch a Promise rejection:
/root/v6/frontend-react/node_modules/.bin/vite:2
basedir=$(dirname "$(echo "$0" | sed -e 's,\\,/,g')")
          ^^^^^^^

SyntaxError: missing ) after argument list
    at wrapSafe (node:internal/modules/cjs/loader:1713:18)
    at Module._compile (node:internal/modules/cjs/loader:1755:20)
    at Object..js (node:internal/modules/cjs/loader:1913:10)
    at Module.load (node:internal/modules/cjs/loader:1505:32)
    at Function._load (node:internal/modules/cjs/loader:1309:12)
    at wrapModuleLoad (node:internal/modules/cjs/loader:254:19)
    at loadCJSModuleWithModuleLoad (node:internal/modules/esm/translators:335:3)
    at ModuleWrap.<anonymous> (node:internal/modules/esm/translators:235:7)
    at ModuleJob.run (node:internal/modules/esm/module_job:343:25)
    at process.processTicksAndRejections (node:internal/process/task_queues:103:5)
You have triggered an unhandledRejection, you may have forgotten to catch a Promise rejection:
/root/v6/frontend-react/node_modules/.bin/vite:2
basedir=$(dirname "$(echo "$0" | sed -e 's,\\,/,g')")
          ^^^^^^^

SyntaxError: missing ) after argument list
    at wrapSafe (node:internal/modules/cjs/loader:1713:18)
    at Module._compile (node:internal/modules/cjs/loader:1755:20)
    at Object..js (node:internal/modules/cjs/loader:1913:10)
    at Module.load (node:internal/modules/cjs/loader:1505:32)
    at Function._load (node:internal/modules/cjs/loader:1309:12)
    at wrapModuleLoad (node:internal/modules/cjs/loader:254:19)
    at loadCJSModuleWithModuleLoad (node:internal/modules/esm/translators:335:3)
    at ModuleWrap.<anonymous> (node:internal/modules/esm/translators:235:7)
    at ModuleJob.run (node:internal/modules/esm/module_job:343:25)
    at process.processTicksAndRejections (node:internal/process/task_queues:103:5)
You have triggered an unhandledRejection, you may have forgotten to catch a Promise rejection:
/root/v6/frontend-react/node_modules/.bin/vite:2
basedir=$(dirname "$(echo "$0" | sed -e 's,\\,/,g')")
          ^^^^^^^

SyntaxError: missing ) after argument list
    at wrapSafe (node:internal/modules/cjs/loader:1713:18)
    at Module._compile (node:internal/modules/cjs/loader:1755:20)
    at Object..js (node:internal/modules/cjs/loader:1913:10)
    at Module.load (node:internal/modules/cjs/loader:1505:32)
    at Function._load (node:internal/modules/cjs/loader:1309:12)
    at wrapModuleLoad (node:internal/modules/cjs/loader:254:19)
    at loadCJSModuleWithModuleLoad (node:internal/modules/esm/translators:335:3)
    at ModuleWrap.<anonymous> (node:internal/modules/esm/translators:235:7)
    at ModuleJob.run (node:internal/modules/esm/module_job:343:25)
    at process.processTicksAndRejections (node:internal/process/task_queues:103:5)
You have triggered an unhandledRejection, you may have forgotten to catch a Promise rejection:
/root/v6/frontend-react/node_modules/.bin/vite:2
basedir=$(dirname "$(echo "$0" | sed -e 's,\\,/,g')")
          ^^^^^^^

SyntaxError: missing ) after argument list
    at wrapSafe (node:internal/modules/cjs/loader:1713:18)
    at Module._compile (node:internal/modules/cjs/loader:1755:20)
    at Object..js (node:internal/modules/cjs/loader:1913:10)
    at Module.load (node:internal/modules/cjs/loader:1505:32)
    at Function._load (node:internal/modules/cjs/loader:1309:12)
    at wrapModuleLoad (node:internal/modules/cjs/loader:254:19)
    at loadCJSModuleWithModuleLoad (node:internal/modules/esm/translators:335:3)
    at ModuleWrap.<anonymous> (node:internal/modules/esm/translators:235:7)
    at ModuleJob.run (node:internal/modules/esm/module_job:343:25)
    at process.processTicksAndRejections (node:internal/process/task_queues:103:5)
You have triggered an unhandledRejection, you may have forgotten to catch a Promise rejection:
/root/v6/frontend-react/node_modules/.bin/vite:2
basedir=$(dirname "$(echo "$0" | sed -e 's,\\,/,g')")
          ^^^^^^^

SyntaxError: missing ) after argument list
    at wrapSafe (node:internal/modules/cjs/loader:1713:18)
    at Module._compile (node:internal/modules/cjs/loader:1755:20)
    at Object..js (node:internal/modules/cjs/loader:1913:10)
    at Module.load (node:internal/modules/cjs/loader:1505:32)
    at Function._load (node:internal/modules/cjs/loader:1309:12)
    at wrapModuleLoad (node:internal/modules/cjs/loader:254:19)
    at loadCJSModuleWithModuleLoad (node:internal/modules/esm/translators:335:3)
    at ModuleWrap.<anonymous> (node:internal/modules/esm/translators:235:7)
    at ModuleJob.run (node:internal/modules/esm/module_job:343:25)
    at process.processTicksAndRejections (node:internal/process/task_queues:103:5)
You have triggered an unhandledRejection, you may have forgotten to catch a Promise rejection:
/root/v6/frontend-react/node_modules/.bin/vite:2
basedir=$(dirname "$(echo "$0" | sed -e 's,\\,/,g')")
          ^^^^^^^

SyntaxError: missing ) after argument list
    at wrapSafe (node:internal/modules/cjs/loader:1713:18)
    at Module._compile (node:internal/modules/cjs/loader:1755:20)
    at Object..js (node:internal/modules/cjs/loader:1913:10)
    at Module.load (node:internal/modules/cjs/loader:1505:32)
    at Function._load (node:internal/modules/cjs/loader:1309:12)
    at wrapModuleLoad (node:internal/modules/cjs/loader:254:19)
    at loadCJSModuleWithModuleLoad (node:internal/modules/esm/translators:335:3)
    at ModuleWrap.<anonymous> (node:internal/modules/esm/translators:235:7)
    at ModuleJob.run (node:internal/modules/esm/module_job:343:25)
    at process.processTicksAndRejections (node:internal/process/task_queues:103:5)
You have triggered an unhandledRejection, you may have forgotten to catch a Promise rejection:
/root/v6/frontend-react/node_modules/.bin/vite:2
basedir=$(dirname "$(echo "$0" | sed -e 's,\\,/,g')")
          ^^^^^^^

SyntaxError: missing ) after argument list
    at wrapSafe (node:internal/modules/cjs/loader:1713:18)
    at Module._compile (node:internal/modules/cjs/loader:1755:20)
    at Object..js (node:internal/modules/cjs/loader:1913:10)
    at Module.load (node:internal/modules/cjs/loader:1505:32)
    at Function._load (node:internal/modules/cjs/loader:1309:12)
    at wrapModuleLoad (node:internal/modules/cjs/loader:254:19)
    at loadCJSModuleWithModuleLoad (node:internal/modules/esm/translators:335:3)
    at ModuleWrap.<anonymous> (node:internal/modules/esm/translators:235:7)
    at ModuleJob.run (node:internal/modules/esm/module_job:343:25)
    at process.processTicksAndRejections (node:internal/process/task_queues:103:5)
You have triggered an unhandledRejection, you may have forgotten to catch a Promise rejection:
/root/v6/frontend-react/node_modules/.bin/vite:2
basedir=$(dirname "$(echo "$0" | sed -e 's,\\,/,g')")
          ^^^^^^^

SyntaxError: missing ) after argument list
    at wrapSafe (node:internal/modules/cjs/loader:1713:18)
    at Module._compile (node:internal/modules/cjs/loader:1755:20)
    at Object..js (node:internal/modules/cjs/loader:1913:10)
    at Module.load (node:internal/modules/cjs/loader:1505:32)
    at Function._load (node:internal/modules/cjs/loader:1309:12)
    at wrapModuleLoad (node:internal/modules/cjs/loader:254:19)
    at loadCJSModuleWithModuleLoad (node:internal/modules/esm/translators:335:3)
    at ModuleWrap.<anonymous> (node:internal/modules/esm/translators:235:7)
    at ModuleJob.run (node:internal/modules/esm/module_job:343:25)
    at process.processTicksAndRejections (node:internal/process/task_queues:103:5)
You have triggered an unhandledRejection, you may have forgotten to catch a Promise rejection:
/root/v6/frontend-react/node_modules/.bin/vite:2
basedir=$(dirname "$(echo "$0" | sed -e 's,\\,/,g')")
          ^^^^^^^

SyntaxError: missing ) after argument list
    at wrapSafe (node:internal/modules/cjs/loader:1713:18)
    at Module._compile (node:internal/modules/cjs/loader:1755:20)
    at Object..js (node:internal/modules/cjs/loader:1913:10)
    at Module.load (node:internal/modules/cjs/loader:1505:32)
    at Function._load (node:internal/modules/cjs/loader:1309:12)
    at wrapModuleLoad (node:internal/modules/cjs/loader:254:19)
    at loadCJSModuleWithModuleLoad (node:internal/modules/esm/translators:335:3)
    at ModuleWrap.<anonymous> (node:internal/modules/esm/translators:235:7)
    at ModuleJob.run (node:internal/modules/esm/module_job:343:25)
    at process.processTicksAndRejections (node:internal/process/task_queues:103:5)
You have triggered an unhandledRejection, you may have forgotten to catch a Promise rejection:
/root/v6/frontend-react/node_modules/.bin/vite:2
basedir=$(dirname "$(echo "$0" | sed -e 's,\\,/,g')")
          ^^^^^^^

SyntaxError: missing ) after argument list
    at wrapSafe (node:internal/modules/cjs/loader:1713:18)
    at Module._compile (node:internal/modules/cjs/loader:1755:20)
    at Object..js (node:internal/modules/cjs/loader:1913:10)
    at Module.load (node:internal/modules/cjs/loader:1505:32)
    at Function._load (node:internal/modules/cjs/loader:1309:12)
    at wrapModuleLoad (node:internal/modules/cjs/loader:254:19)
    at loadCJSModuleWithModuleLoad (node:internal/modules/esm/translators:335:3)
    at ModuleWrap.<anonymous> (node:internal/modules/esm/translators:235:7)
    at ModuleJob.run (node:internal/modules/esm/module_job:343:25)
    at process.processTicksAndRejections (node:internal/process/task_queues:103:5)
You have triggered an unhandledRejection, you may have forgotten to catch a Promise rejection:
/root/v6/frontend-react/node_modules/.bin/vite:2
basedir=$(dirname "$(echo "$0" | sed -e 's,\\,/,g')")
          ^^^^^^^

SyntaxError: missing ) after argument list
    at wrapSafe (node:internal/modules/cjs/loader:1713:18)
    at Module._compile (node:internal/modules/cjs/loader:1755:20)
    at Object..js (node:internal/modules/cjs/loader:1913:10)
    at Module.load (node:internal/modules/cjs/loader:1505:32)
    at Function._load (node:internal/modules/cjs/loader:1309:12)
    at wrapModuleLoad (node:internal/modules/cjs/loader:254:19)
    at loadCJSModuleWithModuleLoad (node:internal/modules/esm/translators:335:3)
    at ModuleWrap.<anonymous> (node:internal/modules/esm/translators:235:7)
    at ModuleJob.run (node:internal/modules/esm/module_job:343:25)
    at process.processTicksAndRejections (node:internal/process/task_queues:103:5)
You have triggered an unhandledRejection, you may have forgotten to catch a Promise rejection:
/root/v6/frontend-react/node_modules/.bin/vite:2
basedir=$(dirname "$(echo "$0" | sed -e 's,\\,/,g')")
          ^^^^^^^

SyntaxError: missing ) after argument list
    at wrapSafe (node:internal/modules/cjs/loader:1713:18)
    at Module._compile (node:internal/modules/cjs/loader:1755:20)
    at Object..js (node:internal/modules/cjs/loader:1913:10)
    at Module.load (node:internal/modules/cjs/loader:1505:32)
    at Function._load (node:internal/modules/cjs/loader:1309:12)
    at wrapModuleLoad (node:internal/modules/cjs/loader:254:19)
    at loadCJSModuleWithModuleLoad (node:internal/modules/esm/translators:335:3)
    at ModuleWrap.<anonymous> (node:internal/modules/esm/translators:235:7)
    at ModuleJob.run (node:internal/modules/esm/module_job:343:25)
    at process.processTicksAndRejections (node:internal/process/task_queues:103:5)
You have triggered an unhandledRejection, you may have forgotten to catch a Promise rejection:
/root/v6/frontend-react/node_modules/.bin/vite:2
basedir=$(dirname "$(echo "$0" | sed -e 's,\\,/,g')")
          ^^^^^^^

SyntaxError: missing ) after argument list
    at wrapSafe (node:internal/modules/cjs/loader:1713:18)
    at Module._compile (node:internal/modules/cjs/loader:1755:20)
    at Object..js (node:internal/modules/cjs/loader:1913:10)
    at Module.load (node:internal/modules/cjs/loader:1505:32)
    at Function._load (node:internal/modules/cjs/loader:1309:12)
    at wrapModuleLoad (node:internal/modules/cjs/loader:254:19)
    at loadCJSModuleWithModuleLoad (node:internal/modules/esm/translators:335:3)
    at ModuleWrap.<anonymous> (node:internal/modules/esm/translators:235:7)
    at ModuleJob.run (node:internal/modules/esm/module_job:343:25)
    at process.processTicksAndRejections (node:internal/process/task_queues:103:5)
