You have triggered an unhandledRejection, you may have forgotten to catch a Promise rejection:
/root/v6/frontend-react/node_modules/.bin/vite:2
basedir=$(dirname "$(echo "$0" | sed -e 's,\\,/,g')")
          ^^^^^^^

SyntaxError: missing ) after argument list
    at wrapSafe (node:internal/modules/cjs/loader:1713:18)
    at Module._compile (node:internal/modules/cjs/loader:1755:20)
    at Object..js (node:internal/modules/cjs/loader:1913:10)
    at Module.load (node:internal/modules/cjs/loader:1505:32)
    at Function._load (node:internal/modules/cjs/loader:1309:12)
    at wrapModuleLoad (node:internal/modules/cjs/loader:254:19)
    at loadCJSModuleWithModuleLoad (node:internal/modules/esm/translators:335:3)
    at ModuleWrap.<anonymous> (node:internal/modules/esm/translators:235:7)
    at ModuleJob.run (node:internal/modules/esm/module_job:343:25)
    at process.processTicksAndRejections (node:internal/process/task_queues:103:5)
You have triggered an unhandledRejection, you may have forgotten to catch a Promise rejection:
/root/v6/frontend-react/node_modules/.bin/vite:2
basedir=$(dirname "$(echo "$0" | sed -e 's,\\,/,g')")
          ^^^^^^^

SyntaxError: missing ) after argument list
    at wrapSafe (node:internal/modules/cjs/loader:1713:18)
    at Module._compile (node:internal/modules/cjs/loader:1755:20)
    at Object..js (node:internal/modules/cjs/loader:1913:10)
    at Module.load (node:internal/modules/cjs/loader:1505:32)
    at Function._load (node:internal/modules/cjs/loader:1309:12)
    at wrapModuleLoad (node:internal/modules/cjs/loader:254:19)
    at loadCJSModuleWithModuleLoad (node:internal/modules/esm/translators:335:3)
    at ModuleWrap.<anonymous> (node:internal/modules/esm/translators:235:7)
    at ModuleJob.run (node:internal/modules/esm/module_job:343:25)
    at process.processTicksAndRejections (node:internal/process/task_queues:103:5)
You have triggered an unhandledRejection, you may have forgotten to catch a Promise rejection:
/root/v6/frontend-react/node_modules/.bin/vite:2
basedir=$(dirname "$(echo "$0" | sed -e 's,\\,/,g')")
          ^^^^^^^

SyntaxError: missing ) after argument list
    at wrapSafe (node:internal/modules/cjs/loader:1713:18)
    at Module._compile (node:internal/modules/cjs/loader:1755:20)
    at Object..js (node:internal/modules/cjs/loader:1913:10)
    at Module.load (node:internal/modules/cjs/loader:1505:32)
    at Function._load (node:internal/modules/cjs/loader:1309:12)
    at wrapModuleLoad (node:internal/modules/cjs/loader:254:19)
    at loadCJSModuleWithModuleLoad (node:internal/modules/esm/translators:335:3)
    at ModuleWrap.<anonymous> (node:internal/modules/esm/translators:235:7)
    at ModuleJob.run (node:internal/modules/esm/module_job:343:25)
    at process.processTicksAndRejections (node:internal/process/task_queues:103:5)
You have triggered an unhandledRejection, you may have forgotten to catch a Promise rejection:
/root/v6/frontend-react/node_modules/.bin/vite:2
basedir=$(dirname "$(echo "$0" | sed -e 's,\\,/,g')")
          ^^^^^^^

SyntaxError: missing ) after argument list
    at wrapSafe (node:internal/modules/cjs/loader:1713:18)
    at Module._compile (node:internal/modules/cjs/loader:1755:20)
    at Object..js (node:internal/modules/cjs/loader:1913:10)
    at Module.load (node:internal/modules/cjs/loader:1505:32)
    at Function._load (node:internal/modules/cjs/loader:1309:12)
    at wrapModuleLoad (node:internal/modules/cjs/loader:254:19)
    at loadCJSModuleWithModuleLoad (node:internal/modules/esm/translators:335:3)
    at ModuleWrap.<anonymous> (node:internal/modules/esm/translators:235:7)
    at ModuleJob.run (node:internal/modules/esm/module_job:343:25)
    at process.processTicksAndRejections (node:internal/process/task_queues:103:5)
You have triggered an unhandledRejection, you may have forgotten to catch a Promise rejection:
/root/v6/frontend-react/node_modules/.bin/vite:2
basedir=$(dirname "$(echo "$0" | sed -e 's,\\,/,g')")
          ^^^^^^^

SyntaxError: missing ) after argument list
    at wrapSafe (node:internal/modules/cjs/loader:1713:18)
    at Module._compile (node:internal/modules/cjs/loader:1755:20)
    at Object..js (node:internal/modules/cjs/loader:1913:10)
    at Module.load (node:internal/modules/cjs/loader:1505:32)
    at Function._load (node:internal/modules/cjs/loader:1309:12)
    at wrapModuleLoad (node:internal/modules/cjs/loader:254:19)
    at loadCJSModuleWithModuleLoad (node:internal/modules/esm/translators:335:3)
    at ModuleWrap.<anonymous> (node:internal/modules/esm/translators:235:7)
    at ModuleJob.run (node:internal/modules/esm/module_job:343:25)
    at process.processTicksAndRejections (node:internal/process/task_queues:103:5)
You have triggered an unhandledRejection, you may have forgotten to catch a Promise rejection:
/root/v6/frontend-react/node_modules/.bin/vite:2
basedir=$(dirname "$(echo "$0" | sed -e 's,\\,/,g')")
          ^^^^^^^

SyntaxError: missing ) after argument list
    at wrapSafe (node:internal/modules/cjs/loader:1713:18)
    at Module._compile (node:internal/modules/cjs/loader:1755:20)
    at Object..js (node:internal/modules/cjs/loader:1913:10)
    at Module.load (node:internal/modules/cjs/loader:1505:32)
    at Function._load (node:internal/modules/cjs/loader:1309:12)
    at wrapModuleLoad (node:internal/modules/cjs/loader:254:19)
    at loadCJSModuleWithModuleLoad (node:internal/modules/esm/translators:335:3)
    at ModuleWrap.<anonymous> (node:internal/modules/esm/translators:235:7)
    at ModuleJob.run (node:internal/modules/esm/module_job:343:25)
    at process.processTicksAndRejections (node:internal/process/task_queues:103:5)
You have triggered an unhandledRejection, you may have forgotten to catch a Promise rejection:
/root/v6/frontend-react/node_modules/.bin/vite:2
basedir=$(dirname "$(echo "$0" | sed -e 's,\\,/,g')")
          ^^^^^^^

SyntaxError: missing ) after argument list
    at wrapSafe (node:internal/modules/cjs/loader:1713:18)
    at Module._compile (node:internal/modules/cjs/loader:1755:20)
    at Object..js (node:internal/modules/cjs/loader:1913:10)
    at Module.load (node:internal/modules/cjs/loader:1505:32)
    at Function._load (node:internal/modules/cjs/loader:1309:12)
    at wrapModuleLoad (node:internal/modules/cjs/loader:254:19)
    at loadCJSModuleWithModuleLoad (node:internal/modules/esm/translators:335:3)
    at ModuleWrap.<anonymous> (node:internal/modules/esm/translators:235:7)
    at ModuleJob.run (node:internal/modules/esm/module_job:343:25)
    at process.processTicksAndRejections (node:internal/process/task_queues:103:5)
You have triggered an unhandledRejection, you may have forgotten to catch a Promise rejection:
/root/v6/frontend-react/node_modules/.bin/vite:2
basedir=$(dirname "$(echo "$0" | sed -e 's,\\,/,g')")
          ^^^^^^^

SyntaxError: missing ) after argument list
    at wrapSafe (node:internal/modules/cjs/loader:1713:18)
    at Module._compile (node:internal/modules/cjs/loader:1755:20)
    at Object..js (node:internal/modules/cjs/loader:1913:10)
    at Module.load (node:internal/modules/cjs/loader:1505:32)
    at Function._load (node:internal/modules/cjs/loader:1309:12)
    at wrapModuleLoad (node:internal/modules/cjs/loader:254:19)
    at loadCJSModuleWithModuleLoad (node:internal/modules/esm/translators:335:3)
    at ModuleWrap.<anonymous> (node:internal/modules/esm/translators:235:7)
    at ModuleJob.run (node:internal/modules/esm/module_job:343:25)
    at process.processTicksAndRejections (node:internal/process/task_queues:103:5)
You have triggered an unhandledRejection, you may have forgotten to catch a Promise rejection:
/root/v6/frontend-react/node_modules/.bin/vite:2
basedir=$(dirname "$(echo "$0" | sed -e 's,\\,/,g')")
          ^^^^^^^

SyntaxError: missing ) after argument list
    at wrapSafe (node:internal/modules/cjs/loader:1713:18)
    at Module._compile (node:internal/modules/cjs/loader:1755:20)
    at Object..js (node:internal/modules/cjs/loader:1913:10)
    at Module.load (node:internal/modules/cjs/loader:1505:32)
    at Function._load (node:internal/modules/cjs/loader:1309:12)
    at wrapModuleLoad (node:internal/modules/cjs/loader:254:19)
    at loadCJSModuleWithModuleLoad (node:internal/modules/esm/translators:335:3)
    at ModuleWrap.<anonymous> (node:internal/modules/esm/translators:235:7)
    at ModuleJob.run (node:internal/modules/esm/module_job:343:25)
    at process.processTicksAndRejections (node:internal/process/task_queues:103:5)
You have triggered an unhandledRejection, you may have forgotten to catch a Promise rejection:
/root/v6/frontend-react/node_modules/.bin/vite:2
basedir=$(dirname "$(echo "$0" | sed -e 's,\\,/,g')")
          ^^^^^^^

SyntaxError: missing ) after argument list
    at wrapSafe (node:internal/modules/cjs/loader:1713:18)
    at Module._compile (node:internal/modules/cjs/loader:1755:20)
    at Object..js (node:internal/modules/cjs/loader:1913:10)
    at Module.load (node:internal/modules/cjs/loader:1505:32)
    at Function._load (node:internal/modules/cjs/loader:1309:12)
    at wrapModuleLoad (node:internal/modules/cjs/loader:254:19)
    at loadCJSModuleWithModuleLoad (node:internal/modules/esm/translators:335:3)
    at ModuleWrap.<anonymous> (node:internal/modules/esm/translators:235:7)
    at ModuleJob.run (node:internal/modules/esm/module_job:343:25)
    at process.processTicksAndRejections (node:internal/process/task_queues:103:5)
You have triggered an unhandledRejection, you may have forgotten to catch a Promise rejection:
/root/v6/frontend-react/node_modules/.bin/vite:2
basedir=$(dirname "$(echo "$0" | sed -e 's,\\,/,g')")
          ^^^^^^^

SyntaxError: missing ) after argument list
    at wrapSafe (node:internal/modules/cjs/loader:1713:18)
    at Module._compile (node:internal/modules/cjs/loader:1755:20)
    at Object..js (node:internal/modules/cjs/loader:1913:10)
    at Module.load (node:internal/modules/cjs/loader:1505:32)
    at Function._load (node:internal/modules/cjs/loader:1309:12)
    at wrapModuleLoad (node:internal/modules/cjs/loader:254:19)
    at loadCJSModuleWithModuleLoad (node:internal/modules/esm/translators:335:3)
    at ModuleWrap.<anonymous> (node:internal/modules/esm/translators:235:7)
    at ModuleJob.run (node:internal/modules/esm/module_job:343:25)
    at process.processTicksAndRejections (node:internal/process/task_queues:103:5)
You have triggered an unhandledRejection, you may have forgotten to catch a Promise rejection:
/root/v6/frontend-react/node_modules/.bin/vite:2
basedir=$(dirname "$(echo "$0" | sed -e 's,\\,/,g')")
          ^^^^^^^

SyntaxError: missing ) after argument list
    at wrapSafe (node:internal/modules/cjs/loader:1713:18)
    at Module._compile (node:internal/modules/cjs/loader:1755:20)
    at Object..js (node:internal/modules/cjs/loader:1913:10)
    at Module.load (node:internal/modules/cjs/loader:1505:32)
    at Function._load (node:internal/modules/cjs/loader:1309:12)
    at wrapModuleLoad (node:internal/modules/cjs/loader:254:19)
    at loadCJSModuleWithModuleLoad (node:internal/modules/esm/translators:335:3)
    at ModuleWrap.<anonymous> (node:internal/modules/esm/translators:235:7)
    at ModuleJob.run (node:internal/modules/esm/module_job:343:25)
    at process.processTicksAndRejections (node:internal/process/task_queues:103:5)
You have triggered an unhandledRejection, you may have forgotten to catch a Promise rejection:
/root/v6/frontend-react/node_modules/.bin/vite:2
basedir=$(dirname "$(echo "$0" | sed -e 's,\\,/,g')")
          ^^^^^^^

SyntaxError: missing ) after argument list
    at wrapSafe (node:internal/modules/cjs/loader:1713:18)
    at Module._compile (node:internal/modules/cjs/loader:1755:20)
    at Object..js (node:internal/modules/cjs/loader:1913:10)
    at Module.load (node:internal/modules/cjs/loader:1505:32)
    at Function._load (node:internal/modules/cjs/loader:1309:12)
    at wrapModuleLoad (node:internal/modules/cjs/loader:254:19)
    at loadCJSModuleWithModuleLoad (node:internal/modules/esm/translators:335:3)
    at ModuleWrap.<anonymous> (node:internal/modules/esm/translators:235:7)
    at ModuleJob.run (node:internal/modules/esm/module_job:343:25)
    at process.processTicksAndRejections (node:internal/process/task_queues:103:5)
You have triggered an unhandledRejection, you may have forgotten to catch a Promise rejection:
/root/v6/frontend-react/node_modules/.bin/vite:2
basedir=$(dirname "$(echo "$0" | sed -e 's,\\,/,g')")
          ^^^^^^^

SyntaxError: missing ) after argument list
    at wrapSafe (node:internal/modules/cjs/loader:1713:18)
    at Module._compile (node:internal/modules/cjs/loader:1755:20)
    at Object..js (node:internal/modules/cjs/loader:1913:10)
    at Module.load (node:internal/modules/cjs/loader:1505:32)
    at Function._load (node:internal/modules/cjs/loader:1309:12)
    at wrapModuleLoad (node:internal/modules/cjs/loader:254:19)
    at loadCJSModuleWithModuleLoad (node:internal/modules/esm/translators:335:3)
    at ModuleWrap.<anonymous> (node:internal/modules/esm/translators:235:7)
    at ModuleJob.run (node:internal/modules/esm/module_job:343:25)
    at process.processTicksAndRejections (node:internal/process/task_queues:103:5)
You have triggered an unhandledRejection, you may have forgotten to catch a Promise rejection:
/root/v6/frontend-react/node_modules/.bin/vite:2
basedir=$(dirname "$(echo "$0" | sed -e 's,\\,/,g')")
          ^^^^^^^

SyntaxError: missing ) after argument list
    at wrapSafe (node:internal/modules/cjs/loader:1713:18)
    at Module._compile (node:internal/modules/cjs/loader:1755:20)
    at Object..js (node:internal/modules/cjs/loader:1913:10)
    at Module.load (node:internal/modules/cjs/loader:1505:32)
    at Function._load (node:internal/modules/cjs/loader:1309:12)
    at wrapModuleLoad (node:internal/modules/cjs/loader:254:19)
    at loadCJSModuleWithModuleLoad (node:internal/modules/esm/translators:335:3)
    at ModuleWrap.<anonymous> (node:internal/modules/esm/translators:235:7)
    at ModuleJob.run (node:internal/modules/esm/module_job:343:25)
    at process.processTicksAndRejections (node:internal/process/task_queues:103:5)
You have triggered an unhandledRejection, you may have forgotten to catch a Promise rejection:
/root/v6/frontend-react/node_modules/.bin/vite:2
basedir=$(dirname "$(echo "$0" | sed -e 's,\\,/,g')")
          ^^^^^^^

SyntaxError: missing ) after argument list
    at wrapSafe (node:internal/modules/cjs/loader:1713:18)
    at Module._compile (node:internal/modules/cjs/loader:1755:20)
    at Object..js (node:internal/modules/cjs/loader:1913:10)
    at Module.load (node:internal/modules/cjs/loader:1505:32)
    at Function._load (node:internal/modules/cjs/loader:1309:12)
    at wrapModuleLoad (node:internal/modules/cjs/loader:254:19)
    at loadCJSModuleWithModuleLoad (node:internal/modules/esm/translators:335:3)
    at ModuleWrap.<anonymous> (node:internal/modules/esm/translators:235:7)
    at ModuleJob.run (node:internal/modules/esm/module_job:343:25)
    at process.processTicksAndRejections (node:internal/process/task_queues:103:5)
You have triggered an unhandledRejection, you may have forgotten to catch a Promise rejection:
/root/v6/frontend-react/node_modules/.bin/vite:2
basedir=$(dirname "$(echo "$0" | sed -e 's,\\,/,g')")
          ^^^^^^^

SyntaxError: missing ) after argument list
    at wrapSafe (node:internal/modules/cjs/loader:1713:18)
    at Module._compile (node:internal/modules/cjs/loader:1755:20)
    at Object..js (node:internal/modules/cjs/loader:1913:10)
    at Module.load (node:internal/modules/cjs/loader:1505:32)
    at Function._load (node:internal/modules/cjs/loader:1309:12)
    at wrapModuleLoad (node:internal/modules/cjs/loader:254:19)
    at loadCJSModuleWithModuleLoad (node:internal/modules/esm/translators:335:3)
    at ModuleWrap.<anonymous> (node:internal/modules/esm/translators:235:7)
    at ModuleJob.run (node:internal/modules/esm/module_job:343:25)
    at process.processTicksAndRejections (node:internal/process/task_queues:103:5)
You have triggered an unhandledRejection, you may have forgotten to catch a Promise rejection:
/root/v6/frontend-react/node_modules/.bin/vite:2
basedir=$(dirname "$(echo "$0" | sed -e 's,\\,/,g')")
          ^^^^^^^

SyntaxError: missing ) after argument list
    at wrapSafe (node:internal/modules/cjs/loader:1713:18)
    at Module._compile (node:internal/modules/cjs/loader:1755:20)
    at Object..js (node:internal/modules/cjs/loader:1913:10)
    at Module.load (node:internal/modules/cjs/loader:1505:32)
    at Function._load (node:internal/modules/cjs/loader:1309:12)
    at wrapModuleLoad (node:internal/modules/cjs/loader:254:19)
    at loadCJSModuleWithModuleLoad (node:internal/modules/esm/translators:335:3)
    at ModuleWrap.<anonymous> (node:internal/modules/esm/translators:235:7)
    at ModuleJob.run (node:internal/modules/esm/module_job:343:25)
    at process.processTicksAndRejections (node:internal/process/task_queues:103:5)
You have triggered an unhandledRejection, you may have forgotten to catch a Promise rejection:
/root/v6/frontend-react/node_modules/.bin/vite:2
basedir=$(dirname "$(echo "$0" | sed -e 's,\\,/,g')")
          ^^^^^^^

SyntaxError: missing ) after argument list
    at wrapSafe (node:internal/modules/cjs/loader:1713:18)
    at Module._compile (node:internal/modules/cjs/loader:1755:20)
    at Object..js (node:internal/modules/cjs/loader:1913:10)
    at Module.load (node:internal/modules/cjs/loader:1505:32)
    at Function._load (node:internal/modules/cjs/loader:1309:12)
    at wrapModuleLoad (node:internal/modules/cjs/loader:254:19)
    at loadCJSModuleWithModuleLoad (node:internal/modules/esm/translators:335:3)
    at ModuleWrap.<anonymous> (node:internal/modules/esm/translators:235:7)
    at ModuleJob.run (node:internal/modules/esm/module_job:343:25)
    at process.processTicksAndRejections (node:internal/process/task_queues:103:5)
You have triggered an unhandledRejection, you may have forgotten to catch a Promise rejection:
/root/v6/frontend-react/node_modules/.bin/vite:2
basedir=$(dirname "$(echo "$0" | sed -e 's,\\,/,g')")
          ^^^^^^^

SyntaxError: missing ) after argument list
    at wrapSafe (node:internal/modules/cjs/loader:1713:18)
    at Module._compile (node:internal/modules/cjs/loader:1755:20)
    at Object..js (node:internal/modules/cjs/loader:1913:10)
    at Module.load (node:internal/modules/cjs/loader:1505:32)
    at Function._load (node:internal/modules/cjs/loader:1309:12)
    at wrapModuleLoad (node:internal/modules/cjs/loader:254:19)
    at loadCJSModuleWithModuleLoad (node:internal/modules/esm/translators:335:3)
    at ModuleWrap.<anonymous> (node:internal/modules/esm/translators:235:7)
    at ModuleJob.run (node:internal/modules/esm/module_job:343:25)
    at process.processTicksAndRejections (node:internal/process/task_queues:103:5)
You have triggered an unhandledRejection, you may have forgotten to catch a Promise rejection:
/root/v6/frontend-react/node_modules/.bin/vite:2
basedir=$(dirname "$(echo "$0" | sed -e 's,\\,/,g')")
          ^^^^^^^

SyntaxError: missing ) after argument list
    at wrapSafe (node:internal/modules/cjs/loader:1713:18)
    at Module._compile (node:internal/modules/cjs/loader:1755:20)
    at Object..js (node:internal/modules/cjs/loader:1913:10)
    at Module.load (node:internal/modules/cjs/loader:1505:32)
    at Function._load (node:internal/modules/cjs/loader:1309:12)
    at wrapModuleLoad (node:internal/modules/cjs/loader:254:19)
    at loadCJSModuleWithModuleLoad (node:internal/modules/esm/translators:335:3)
    at ModuleWrap.<anonymous> (node:internal/modules/esm/translators:235:7)
    at ModuleJob.run (node:internal/modules/esm/module_job:343:25)
    at process.processTicksAndRejections (node:internal/process/task_queues:103:5)
You have triggered an unhandledRejection, you may have forgotten to catch a Promise rejection:
/root/v6/frontend-react/node_modules/.bin/vite:2
basedir=$(dirname "$(echo "$0" | sed -e 's,\\,/,g')")
          ^^^^^^^

SyntaxError: missing ) after argument list
    at wrapSafe (node:internal/modules/cjs/loader:1713:18)
    at Module._compile (node:internal/modules/cjs/loader:1755:20)
    at Object..js (node:internal/modules/cjs/loader:1913:10)
    at Module.load (node:internal/modules/cjs/loader:1505:32)
    at Function._load (node:internal/modules/cjs/loader:1309:12)
    at wrapModuleLoad (node:internal/modules/cjs/loader:254:19)
    at loadCJSModuleWithModuleLoad (node:internal/modules/esm/translators:335:3)
    at ModuleWrap.<anonymous> (node:internal/modules/esm/translators:235:7)
    at ModuleJob.run (node:internal/modules/esm/module_job:343:25)
    at process.processTicksAndRejections (node:internal/process/task_queues:103:5)
You have triggered an unhandledRejection, you may have forgotten to catch a Promise rejection:
/root/v6/frontend-react/node_modules/.bin/vite:2
basedir=$(dirname "$(echo "$0" | sed -e 's,\\,/,g')")
          ^^^^^^^

SyntaxError: missing ) after argument list
    at wrapSafe (node:internal/modules/cjs/loader:1713:18)
    at Module._compile (node:internal/modules/cjs/loader:1755:20)
    at Object..js (node:internal/modules/cjs/loader:1913:10)
    at Module.load (node:internal/modules/cjs/loader:1505:32)
    at Function._load (node:internal/modules/cjs/loader:1309:12)
    at wrapModuleLoad (node:internal/modules/cjs/loader:254:19)
    at loadCJSModuleWithModuleLoad (node:internal/modules/esm/translators:335:3)
    at ModuleWrap.<anonymous> (node:internal/modules/esm/translators:235:7)
    at ModuleJob.run (node:internal/modules/esm/module_job:343:25)
    at process.processTicksAndRejections (node:internal/process/task_queues:103:5)
You have triggered an unhandledRejection, you may have forgotten to catch a Promise rejection:
/root/v6/frontend-react/node_modules/.bin/vite:2
basedir=$(dirname "$(echo "$0" | sed -e 's,\\,/,g')")
          ^^^^^^^

SyntaxError: missing ) after argument list
    at wrapSafe (node:internal/modules/cjs/loader:1713:18)
    at Module._compile (node:internal/modules/cjs/loader:1755:20)
    at Object..js (node:internal/modules/cjs/loader:1913:10)
    at Module.load (node:internal/modules/cjs/loader:1505:32)
    at Function._load (node:internal/modules/cjs/loader:1309:12)
    at wrapModuleLoad (node:internal/modules/cjs/loader:254:19)
    at loadCJSModuleWithModuleLoad (node:internal/modules/esm/translators:335:3)
    at ModuleWrap.<anonymous> (node:internal/modules/esm/translators:235:7)
    at ModuleJob.run (node:internal/modules/esm/module_job:343:25)
    at process.processTicksAndRejections (node:internal/process/task_queues:103:5)
You have triggered an unhandledRejection, you may have forgotten to catch a Promise rejection:
/root/v6/frontend-react/node_modules/.bin/vite:2
basedir=$(dirname "$(echo "$0" | sed -e 's,\\,/,g')")
          ^^^^^^^

SyntaxError: missing ) after argument list
    at wrapSafe (node:internal/modules/cjs/loader:1713:18)
    at Module._compile (node:internal/modules/cjs/loader:1755:20)
    at Object..js (node:internal/modules/cjs/loader:1913:10)
    at Module.load (node:internal/modules/cjs/loader:1505:32)
    at Function._load (node:internal/modules/cjs/loader:1309:12)
    at wrapModuleLoad (node:internal/modules/cjs/loader:254:19)
    at loadCJSModuleWithModuleLoad (node:internal/modules/esm/translators:335:3)
    at ModuleWrap.<anonymous> (node:internal/modules/esm/translators:235:7)
    at ModuleJob.run (node:internal/modules/esm/module_job:343:25)
    at process.processTicksAndRejections (node:internal/process/task_queues:103:5)
You have triggered an unhandledRejection, you may have forgotten to catch a Promise rejection:
/root/v6/frontend-react/node_modules/.bin/vite:2
basedir=$(dirname "$(echo "$0" | sed -e 's,\\,/,g')")
          ^^^^^^^

SyntaxError: missing ) after argument list
    at wrapSafe (node:internal/modules/cjs/loader:1713:18)
    at Module._compile (node:internal/modules/cjs/loader:1755:20)
    at Object..js (node:internal/modules/cjs/loader:1913:10)
    at Module.load (node:internal/modules/cjs/loader:1505:32)
    at Function._load (node:internal/modules/cjs/loader:1309:12)
    at wrapModuleLoad (node:internal/modules/cjs/loader:254:19)
    at loadCJSModuleWithModuleLoad (node:internal/modules/esm/translators:335:3)
    at ModuleWrap.<anonymous> (node:internal/modules/esm/translators:235:7)
    at ModuleJob.run (node:internal/modules/esm/module_job:343:25)
    at process.processTicksAndRejections (node:internal/process/task_queues:103:5)
You have triggered an unhandledRejection, you may have forgotten to catch a Promise rejection:
/root/v6/frontend-react/node_modules/.bin/vite:2
basedir=$(dirname "$(echo "$0" | sed -e 's,\\,/,g')")
          ^^^^^^^

SyntaxError: missing ) after argument list
    at wrapSafe (node:internal/modules/cjs/loader:1713:18)
    at Module._compile (node:internal/modules/cjs/loader:1755:20)
    at Object..js (node:internal/modules/cjs/loader:1913:10)
    at Module.load (node:internal/modules/cjs/loader:1505:32)
    at Function._load (node:internal/modules/cjs/loader:1309:12)
    at wrapModuleLoad (node:internal/modules/cjs/loader:254:19)
    at loadCJSModuleWithModuleLoad (node:internal/modules/esm/translators:335:3)
    at ModuleWrap.<anonymous> (node:internal/modules/esm/translators:235:7)
    at ModuleJob.run (node:internal/modules/esm/module_job:343:25)
    at process.processTicksAndRejections (node:internal/process/task_queues:103:5)
You have triggered an unhandledRejection, you may have forgotten to catch a Promise rejection:
/root/v6/frontend-react/node_modules/.bin/vite:2
basedir=$(dirname "$(echo "$0" | sed -e 's,\\,/,g')")
          ^^^^^^^

SyntaxError: missing ) after argument list
    at wrapSafe (node:internal/modules/cjs/loader:1713:18)
    at Module._compile (node:internal/modules/cjs/loader:1755:20)
    at Object..js (node:internal/modules/cjs/loader:1913:10)
    at Module.load (node:internal/modules/cjs/loader:1505:32)
    at Function._load (node:internal/modules/cjs/loader:1309:12)
    at wrapModuleLoad (node:internal/modules/cjs/loader:254:19)
    at loadCJSModuleWithModuleLoad (node:internal/modules/esm/translators:335:3)
    at ModuleWrap.<anonymous> (node:internal/modules/esm/translators:235:7)
    at ModuleJob.run (node:internal/modules/esm/module_job:343:25)
    at process.processTicksAndRejections (node:internal/process/task_queues:103:5)
You have triggered an unhandledRejection, you may have forgotten to catch a Promise rejection:
/root/v6/frontend-react/node_modules/.bin/vite:2
basedir=$(dirname "$(echo "$0" | sed -e 's,\\,/,g')")
          ^^^^^^^

SyntaxError: missing ) after argument list
    at wrapSafe (node:internal/modules/cjs/loader:1713:18)
    at Module._compile (node:internal/modules/cjs/loader:1755:20)
    at Object..js (node:internal/modules/cjs/loader:1913:10)
    at Module.load (node:internal/modules/cjs/loader:1505:32)
    at Function._load (node:internal/modules/cjs/loader:1309:12)
    at wrapModuleLoad (node:internal/modules/cjs/loader:254:19)
    at loadCJSModuleWithModuleLoad (node:internal/modules/esm/translators:335:3)
    at ModuleWrap.<anonymous> (node:internal/modules/esm/translators:235:7)
    at ModuleJob.run (node:internal/modules/esm/module_job:343:25)
    at process.processTicksAndRejections (node:internal/process/task_queues:103:5)
You have triggered an unhandledRejection, you may have forgotten to catch a Promise rejection:
/root/v6/frontend-react/node_modules/.bin/vite:2
basedir=$(dirname "$(echo "$0" | sed -e 's,\\,/,g')")
          ^^^^^^^

SyntaxError: missing ) after argument list
    at wrapSafe (node:internal/modules/cjs/loader:1713:18)
    at Module._compile (node:internal/modules/cjs/loader:1755:20)
    at Object..js (node:internal/modules/cjs/loader:1913:10)
    at Module.load (node:internal/modules/cjs/loader:1505:32)
    at Function._load (node:internal/modules/cjs/loader:1309:12)
    at wrapModuleLoad (node:internal/modules/cjs/loader:254:19)
    at loadCJSModuleWithModuleLoad (node:internal/modules/esm/translators:335:3)
    at ModuleWrap.<anonymous> (node:internal/modules/esm/translators:235:7)
    at ModuleJob.run (node:internal/modules/esm/module_job:343:25)
    at process.processTicksAndRejections (node:internal/process/task_queues:103:5)
You have triggered an unhandledRejection, you may have forgotten to catch a Promise rejection:
/root/v6/frontend-react/node_modules/.bin/vite:2
basedir=$(dirname "$(echo "$0" | sed -e 's,\\,/,g')")
          ^^^^^^^

SyntaxError: missing ) after argument list
    at wrapSafe (node:internal/modules/cjs/loader:1713:18)
    at Module._compile (node:internal/modules/cjs/loader:1755:20)
    at Object..js (node:internal/modules/cjs/loader:1913:10)
    at Module.load (node:internal/modules/cjs/loader:1505:32)
    at Function._load (node:internal/modules/cjs/loader:1309:12)
    at wrapModuleLoad (node:internal/modules/cjs/loader:254:19)
    at loadCJSModuleWithModuleLoad (node:internal/modules/esm/translators:335:3)
    at ModuleWrap.<anonymous> (node:internal/modules/esm/translators:235:7)
    at ModuleJob.run (node:internal/modules/esm/module_job:343:25)
    at process.processTicksAndRejections (node:internal/process/task_queues:103:5)
You have triggered an unhandledRejection, you may have forgotten to catch a Promise rejection:
/root/v6/frontend-react/node_modules/.bin/vite:2
basedir=$(dirname "$(echo "$0" | sed -e 's,\\,/,g')")
          ^^^^^^^

SyntaxError: missing ) after argument list
    at wrapSafe (node:internal/modules/cjs/loader:1713:18)
    at Module._compile (node:internal/modules/cjs/loader:1755:20)
    at Object..js (node:internal/modules/cjs/loader:1913:10)
    at Module.load (node:internal/modules/cjs/loader:1505:32)
    at Function._load (node:internal/modules/cjs/loader:1309:12)
    at wrapModuleLoad (node:internal/modules/cjs/loader:254:19)
    at loadCJSModuleWithModuleLoad (node:internal/modules/esm/translators:335:3)
    at ModuleWrap.<anonymous> (node:internal/modules/esm/translators:235:7)
    at ModuleJob.run (node:internal/modules/esm/module_job:343:25)
    at process.processTicksAndRejections (node:internal/process/task_queues:103:5)
You have triggered an unhandledRejection, you may have forgotten to catch a Promise rejection:
/root/v6/frontend-react/node_modules/.bin/vite:2
basedir=$(dirname "$(echo "$0" | sed -e 's,\\,/,g')")
          ^^^^^^^

SyntaxError: missing ) after argument list
    at wrapSafe (node:internal/modules/cjs/loader:1713:18)
    at Module._compile (node:internal/modules/cjs/loader:1755:20)
    at Object..js (node:internal/modules/cjs/loader:1913:10)
    at Module.load (node:internal/modules/cjs/loader:1505:32)
    at Function._load (node:internal/modules/cjs/loader:1309:12)
    at wrapModuleLoad (node:internal/modules/cjs/loader:254:19)
    at loadCJSModuleWithModuleLoad (node:internal/modules/esm/translators:335:3)
    at ModuleWrap.<anonymous> (node:internal/modules/esm/translators:235:7)
    at ModuleJob.run (node:internal/modules/esm/module_job:343:25)
    at process.processTicksAndRejections (node:internal/process/task_queues:103:5)
You have triggered an unhandledRejection, you may have forgotten to catch a Promise rejection:
/root/v6/frontend-react/node_modules/.bin/vite:2
basedir=$(dirname "$(echo "$0" | sed -e 's,\\,/,g')")
          ^^^^^^^

SyntaxError: missing ) after argument list
    at wrapSafe (node:internal/modules/cjs/loader:1713:18)
    at Module._compile (node:internal/modules/cjs/loader:1755:20)
    at Object..js (node:internal/modules/cjs/loader:1913:10)
    at Module.load (node:internal/modules/cjs/loader:1505:32)
    at Function._load (node:internal/modules/cjs/loader:1309:12)
    at wrapModuleLoad (node:internal/modules/cjs/loader:254:19)
    at loadCJSModuleWithModuleLoad (node:internal/modules/esm/translators:335:3)
    at ModuleWrap.<anonymous> (node:internal/modules/esm/translators:235:7)
    at ModuleJob.run (node:internal/modules/esm/module_job:343:25)
    at process.processTicksAndRejections (node:internal/process/task_queues:103:5)
You have triggered an unhandledRejection, you may have forgotten to catch a Promise rejection:
/root/v6/frontend-react/node_modules/.bin/vite:2
basedir=$(dirname "$(echo "$0" | sed -e 's,\\,/,g')")
          ^^^^^^^

SyntaxError: missing ) after argument list
    at wrapSafe (node:internal/modules/cjs/loader:1713:18)
    at Module._compile (node:internal/modules/cjs/loader:1755:20)
    at Object..js (node:internal/modules/cjs/loader:1913:10)
    at Module.load (node:internal/modules/cjs/loader:1505:32)
    at Function._load (node:internal/modules/cjs/loader:1309:12)
    at wrapModuleLoad (node:internal/modules/cjs/loader:254:19)
    at loadCJSModuleWithModuleLoad (node:internal/modules/esm/translators:335:3)
    at ModuleWrap.<anonymous> (node:internal/modules/esm/translators:235:7)
    at ModuleJob.run (node:internal/modules/esm/module_job:343:25)
    at process.processTicksAndRejections (node:internal/process/task_queues:103:5)
You have triggered an unhandledRejection, you may have forgotten to catch a Promise rejection:
/root/v6/frontend-react/node_modules/.bin/vite:2
basedir=$(dirname "$(echo "$0" | sed -e 's,\\,/,g')")
          ^^^^^^^

SyntaxError: missing ) after argument list
    at wrapSafe (node:internal/modules/cjs/loader:1713:18)
    at Module._compile (node:internal/modules/cjs/loader:1755:20)
    at Object..js (node:internal/modules/cjs/loader:1913:10)
    at Module.load (node:internal/modules/cjs/loader:1505:32)
    at Function._load (node:internal/modules/cjs/loader:1309:12)
    at wrapModuleLoad (node:internal/modules/cjs/loader:254:19)
    at loadCJSModuleWithModuleLoad (node:internal/modules/esm/translators:335:3)
    at ModuleWrap.<anonymous> (node:internal/modules/esm/translators:235:7)
    at ModuleJob.run (node:internal/modules/esm/module_job:343:25)
    at process.processTicksAndRejections (node:internal/process/task_queues:103:5)
2026-07-18T07:46:40:   ➜  Local:   http://localhost:4173/
2026-07-18T07:46:40:   ➜  Network: http://196.251.121.98:4173/
2026-07-18T07:53:04:   ➜  Local:   http://localhost:4173/
2026-07-18T07:53:04:   ➜  Network: http://196.251.121.98:4173/
2026-07-18T07:55:36:   ➜  Local:   http://localhost:4173/
2026-07-18T07:55:36:   ➜  Network: http://196.251.121.98:4173/
2026-07-18T07:57:21:   ➜  Local:   http://localhost:4173/
2026-07-18T07:57:21:   ➜  Network: http://196.251.121.98:4173/
2026-07-18T09:22:15:   ➜  Local:   http://localhost:4173/
2026-07-18T09:22:15:   ➜  Network: http://196.251.121.98:4173/
2026-07-18T09:27:39:   ➜  Local:   http://localhost:4173/
2026-07-18T09:27:39:   ➜  Network: http://196.251.121.98:4173/
2026-07-18T09:33:16:   ➜  Local:   http://localhost:4173/
2026-07-18T09:33:16:   ➜  Network: http://196.251.121.98:4173/
2026-07-18T09:39:24:   ➜  Local:   http://localhost:4173/
2026-07-18T09:39:24:   ➜  Network: http://196.251.121.98:4173/
2026-07-18T09:49:31:   ➜  Local:   http://localhost:4173/
2026-07-18T09:49:31:   ➜  Network: http://196.251.121.98:4173/
2026-07-18T09:58:49:   ➜  Local:   http://localhost:4173/
2026-07-18T09:58:49:   ➜  Network: http://196.251.121.98:4173/
2026-07-18T10:02:41:   ➜  Local:   http://localhost:4173/
2026-07-18T10:02:41:   ➜  Network: http://196.251.121.98:4173/
2026-07-18T10:06:15:   ➜  Local:   http://localhost:4173/
2026-07-18T10:06:15:   ➜  Network: http://196.251.121.98:4173/
2026-07-18T10:08:31:   ➜  Local:   http://localhost:4173/
2026-07-18T10:08:31:   ➜  Network: http://196.251.121.98:4173/
2026-07-18T10:11:32:   ➜  Local:   http://localhost:4173/
2026-07-18T10:11:32:   ➜  Network: http://196.251.121.98:4173/
2026-07-18T10:42:13:   ➜  Local:   http://localhost:4173/
2026-07-18T10:42:13:   ➜  Network: http://196.251.121.98:4173/
2026-07-18T10:43:51:   ➜  Local:   http://localhost:4173/
2026-07-18T10:43:51:   ➜  Network: http://196.251.121.98:4173/
2026-07-18T10:49:42:   ➜  Local:   http://localhost:4173/
2026-07-18T10:49:42:   ➜  Network: http://196.251.121.98:4173/
2026-07-18T10:54:27:   ➜  Local:   http://localhost:4173/
2026-07-18T10:54:27:   ➜  Network: http://196.251.121.98:4173/
